
Rivera@DESKTOP-5QE129P MINGW64 ~
$ pwd
/c/Users/Rivera

Rivera@DESKTOP-5QE129P MINGW64 ~
$ cd desktop

Rivera@DESKTOP-5QE129P MINGW64 ~/desktop
$ git clone git@github.com:robrivera715/NJIT-IS601-DockerTutorial.git
Cloning into 'NJIT-IS601-DockerTutorial'...
remote: Enumerating objects: 7, done.
remote: Counting objects: 100% (7/7), done.
remote: Compressing objects: 100% (6/6), done.
remote: Total 7 (delta 1), reused 0 (delta 0), pack-reused 0
Receiving objects: 100% (7/7), done.
Resolving deltas: 100% (1/1), done.

Rivera@DESKTOP-5QE129P MINGW64 ~/desktop
$ git pull origin master
fatal: not a git repository (or any of the parent directories): .git

Rivera@DESKTOP-5QE129P MINGW64 ~/desktop
$ pwd
/c/Users/Rivera/desktop

Rivera@DESKTOP-5QE129P MINGW64 ~/desktop
$ docker --version
Docker version 19.03.2, build 6a30dfc

Rivera@DESKTOP-5QE129P MINGW64 ~/desktop
$ docker info
Client:
 Debug Mode: false

Server:
 Containers: 0
  Running: 0
  Paused: 0
  Stopped: 0
 Images: 0
 Server Version: 19.03.2
 Storage Driver: overlay2
  Backing Filesystem: extfs
  Supports d_type: true
  Native Overlay Diff: true
 Logging Driver: json-file
 Cgroup Driver: cgroupfs
 Plugins:
  Volume: local
  Network: bridge host ipvlan macvlan null overlay
  Log: awslogs fluentd gcplogs gelf journald json-file local logentries splunk syslog
 Swarm: inactive
 Runtimes: runc
 Default Runtime: runc
 Init Binary: docker-init
 containerd version: 894b81a4b802e4eb2a91d1ce216b8817763c29fb
 runc version: 425e105d5a03fabd737a126ad93d62a9eeede87f
 init version: fec3683
 Security Options:
  seccomp
   Profile: default
 Kernel Version: 4.9.184-linuxkit
 Operating System: Docker Desktop
 OSType: linux
 Architecture: x86_64
 CPUs: 2
 Total Memory: 1.934GiB
 Name: docker-desktop
 ID: F3ZV:OMI6:HVSK:JWKY:IIUO:MDO2:KMJN:WY6B:6THS:CIHM:4NOB:H4WF
 Docker Root Dir: /var/lib/docker
 Debug Mode: true
  File Descriptors: 28
  Goroutines: 42
  System Time: 2019-10-09T13:41:29.4277979Z
  EventsListeners: 1
 Registry: https://index.docker.io/v1/
 Labels:
 Experimental: false
 Insecure Registries:
  127.0.0.0/8
 Live Restore Enabled: false
 Product License: Community Engine


Rivera@DESKTOP-5QE129P MINGW64 ~/desktop
$ docker run hello-world
Unable to find image 'hello-world:latest' locally
latest: Pulling from library/hello-world
1b930d010525: Pulling fs layer
1b930d010525: Verifying Checksum
1b930d010525: Download complete
1b930d010525: Pull complete
Digest: sha256:c3b4ada4687bbaa170745b3e4dd8ac3f194ca95b2d0518b417fb47e5879d9b5f
Status: Downloaded newer image for hello-world:latest

Hello from Docker!
This message shows that your installation appears to be working correctly.

To generate this message, Docker took the following steps:
 1. The Docker client contacted the Docker daemon.
 2. The Docker daemon pulled the "hello-world" image from the Docker Hub.
    (amd64)
 3. The Docker daemon created a new container from that image which runs the
    executable that produces the output you are currently reading.
 4. The Docker daemon streamed that output to the Docker client, which sent it
    to your terminal.

To try something more ambitious, you can run an Ubuntu container with:
 $ docker run -it ubuntu bash

Share images, automate workflows, and more with a free Docker ID:
 https://hub.docker.com/

For more examples and ideas, visit:
 https://docs.docker.com/get-started/


Rivera@DESKTOP-5QE129P MINGW64 ~/desktop
$ docker image ls
REPOSITORY          TAG                 IMAGE ID            CREATED             SIZE
hello-world         latest              fce289e99eb9        9 months ago        1.84kB

Rivera@DESKTOP-5QE129P MINGW64 ~/desktop
$ docker container ls --all
CONTAINER ID        IMAGE               COMMAND             CREATED             STATUS                      PORTS               NAMES
4034f6a6b60e        hello-world         "/hello"            52 seconds ago      Exited (0) 47 seconds ago                       exciting_driscoll

Rivera@DESKTOP-5QE129P MINGW64 ~/desktop
$ cd NJIT-IS601-DockerTutorial/

Rivera@DESKTOP-5QE129P MINGW64 ~/desktop/NJIT-IS601-DockerTutorial (master)
$ touch Dockerfile

Rivera@DESKTOP-5QE129P MINGW64 ~/desktop/NJIT-IS601-DockerTutorial (master)
$ vi Dockerfile

Rivera@DESKTOP-5QE129P MINGW64 ~/desktop/NJIT-IS601-DockerTutorial (master)
$ pwd
/c/Users/Rivera/desktop/NJIT-IS601-DockerTutorial

Rivera@DESKTOP-5QE129P MINGW64 ~/desktop/NJIT-IS601-DockerTutorial (master)
$ touch requirements.txt app.py

Rivera@DESKTOP-5QE129P MINGW64 ~/desktop/NJIT-IS601-DockerTutorial (master)
$ pwd
/c/Users/Rivera/desktop/NJIT-IS601-DockerTutorial

Rivera@DESKTOP-5QE129P MINGW64 ~/desktop/NJIT-IS601-DockerTutorial (master)
$ ls
app.py  Dockerfile  LICENSE  README.md  requirements.txt

Rivera@DESKTOP-5QE129P MINGW64 ~/desktop/NJIT-IS601-DockerTutorial (master)
$ cd app.py
bash: cd: app.py: Not a directory

Rivera@DESKTOP-5QE129P MINGW64 ~/desktop/NJIT-IS601-DockerTutorial (master)
$ ls -all
total 22
drwxr-xr-x 1 Rivera 197121    0 Oct  9 09:48 ./
drwxr-xr-x 1 Rivera 197121    0 Oct  9 09:35 ../
drwxr-xr-x 1 Rivera 197121    0 Oct  9 09:35 .git/
-rw-r--r-- 1 Rivera 197121 1307 Oct  9 09:35 .gitignore
-rw-r--r-- 1 Rivera 197121    0 Oct  9 09:48 app.py
-rw-r--r-- 1 Rivera 197121  513 Oct  9 09:47 Dockerfile
-rw-r--r-- 1 Rivera 197121 1090 Oct  9 09:35 LICENSE
-rw-r--r-- 1 Rivera 197121   29 Oct  9 09:35 README.md
-rw-r--r-- 1 Rivera 197121    0 Oct  9 09:48 requirements.txt

Rivera@DESKTOP-5QE129P MINGW64 ~/desktop/NJIT-IS601-DockerTutorial (master)
$ vi app.py

Rivera@DESKTOP-5QE129P MINGW64 ~/desktop/NJIT-IS601-DockerTutorial (master)
$ vi requirements.txt

Rivera@DESKTOP-5QE129P MINGW64 ~/desktop/NJIT-IS601-DockerTutorial (master)
$ ls
app.py  Dockerfile  LICENSE  README.md  requirements.txt

Rivera@DESKTOP-5QE129P MINGW64 ~/desktop/NJIT-IS601-DockerTutorial (master)
$ docker build --t=friendlyhello .
unknown flag: --t
See 'docker build --help'.

Rivera@DESKTOP-5QE129P MINGW64 ~/desktop/NJIT-IS601-DockerTutorial (master)
$ docker build --t=friendlyhello
unknown flag: --t
See 'docker build --help'.

Rivera@DESKTOP-5QE129P MINGW64 ~/desktop/NJIT-IS601-DockerTutorial (master)
$ ls
app.py  Dockerfile  LICENSE  README.md  requirements.txt

Rivera@DESKTOP-5QE129P MINGW64 ~/desktop/NJIT-IS601-DockerTutorial (master)
$ cat app.py
from flask import Flask
from redis import Redis, RedisError
import os
import socket

# Connect to Redis
redis = Redis(host="redis", db=0, socket_connect_timeout=2, socket_timeout=2)

app = Flask(__name__)

@app.route("/")
def hello():
    try:
        visits = redis.incr("counter")
    except RedisError:
        visits = "<i>cannot connect to Redis, counter disabled</i>"

    html = "<h3>Hello {name}!</h3>" \
           "<b>Hostname:</b> {hostname}<br/>" \
           "<b>Visits:</b> {visits}"
    return html.format(name=os.getenv("NAME", "world"), hostname=socket.gethostname(), visits=visits)

if __name__ == "__main__":
    app.run(host='0.0.0.0', port=80)

Rivera@DESKTOP-5QE129P MINGW64 ~/desktop/NJIT-IS601-DockerTutorial (master)
$ cat requirements.txt
Flask
Redis

Rivera@DESKTOP-5QE129P MINGW64 ~/desktop/NJIT-IS601-DockerTutorial (master)
$ cat Dockerfile
# Use an official Python runtime as a parent image
FROM python:2.7-slim

# Set the working directory to /app
WORKDIR /app

# Copy the current directory contents into the container at /app
COPY . /app

# Install any needed packages specified in requirements.txt
RUN pip install --trusted-host pypi.python.org -r requirements.txt

# Make port 80 available to the world outside this container
EXPOSE 80

# Define environment variable
ENV NAME World

# Run app.py when the container launches
CMD ["python", "app.py"]

Rivera@DESKTOP-5QE129P MINGW64 ~/desktop/NJIT-IS601-DockerTutorial (master)
$ docker build -t friendlyhello .
Sending build context to Docker daemon  62.46kB
Step 1/7 : FROM python:2.7-slim
2.7-slim: Pulling from library/python
b8f262c62ec6: Pulling fs layer
8cbb51e0b077: Pulling fs layer
82627a456962: Pulling fs layer
33f3f5c560fe: Pulling fs layer
33f3f5c560fe: Waiting
8cbb51e0b077: Verifying Checksum
8cbb51e0b077: Download complete
33f3f5c560fe: Verifying Checksum
33f3f5c560fe: Download complete
82627a456962: Verifying Checksum
82627a456962: Download complete
b8f262c62ec6: Download complete
b8f262c62ec6: Pull complete
8cbb51e0b077: Pull complete
82627a456962: Pull complete
33f3f5c560fe: Pull complete
Digest: sha256:68bb099b780cf7aa60df3af68d573dc420907acfa54cbb2a53ade8886d965272
Status: Downloaded newer image for python:2.7-slim
 ---> f462855313cd
Step 2/7 : WORKDIR /app
 ---> Running in 743fa9c5049b
Removing intermediate container 743fa9c5049b
 ---> 3354049fb110
Step 3/7 : COPY . /app
 ---> 491e3915906a
Step 4/7 : RUN pip install --trusted-host pypi.python.org -r requirements.txt
 ---> Running in 65223f224b29
DEPRECATION: Python 2.7 will reach the end of its life on January 1st, 2020. Please upgrade your Python as Python 2.7 won't be maintained after that date. A future version of pip will drop support for Python 2.7. More details about Python 2 support in pip, can be found at https://pip.pypa.io/en/latest/development/release-process/#python-2-support
Collecting Flask (from -r requirements.txt (line 1))
  Downloading https://files.pythonhosted.org/packages/9b/93/628509b8d5dc749656a9641f4caf13540e2cdec85276964ff8f43bbb1d3b/Flask-1.1.1-py2.py3-none-any.whl (94kB)
Collecting Redis (from -r requirements.txt (line 2))
  Downloading https://files.pythonhosted.org/packages/bd/64/b1e90af9bf0c7f6ef55e46b81ab527b33b785824d65300bb65636534b530/redis-3.3.8-py2.py3-none-any.whl (66kB)
Collecting click>=5.1 (from Flask->-r requirements.txt (line 1))
  Downloading https://files.pythonhosted.org/packages/fa/37/45185cb5abbc30d7257104c434fe0b07e5a195a6847506c074527aa599ec/Click-7.0-py2.py3-none-any.whl (81kB)
Collecting Werkzeug>=0.15 (from Flask->-r requirements.txt (line 1))
  Downloading https://files.pythonhosted.org/packages/ce/42/3aeda98f96e85fd26180534d36570e4d18108d62ae36f87694b476b83d6f/Werkzeug-0.16.0-py2.py3-none-any.whl (327kB)
Collecting itsdangerous>=0.24 (from Flask->-r requirements.txt (line 1))
  Downloading https://files.pythonhosted.org/packages/76/ae/44b03b253d6fade317f32c24d100b3b35c2239807046a4c953c7b89fa49e/itsdangerous-1.1.0-py2.py3-none-any.whl
Collecting Jinja2>=2.10.1 (from Flask->-r requirements.txt (line 1))
  Downloading https://files.pythonhosted.org/packages/65/e0/eb35e762802015cab1ccee04e8a277b03f1d8e53da3ec3106882ec42558b/Jinja2-2.10.3-py2.py3-none-any.whl (125kB)
Collecting MarkupSafe>=0.23 (from Jinja2>=2.10.1->Flask->-r requirements.txt (line 1))
  Downloading https://files.pythonhosted.org/packages/fb/40/f3adb7cf24a8012813c5edb20329eb22d5d8e2a0ecf73d21d6b85865da11/MarkupSafe-1.1.1-cp27-cp27mu-manylinux1_x86_64.whl
Installing collected packages: click, Werkzeug, itsdangerous, MarkupSafe, Jinja2, Flask, Redis
Successfully installed Flask-1.1.1 Jinja2-2.10.3 MarkupSafe-1.1.1 Redis-3.3.8 Werkzeug-0.16.0 click-7.0 itsdangerous-1.1.0
Removing intermediate container 65223f224b29
 ---> d3444133873c
Step 5/7 : EXPOSE 80
 ---> Running in 883bea8eacaf
Removing intermediate container 883bea8eacaf
 ---> ce296cfe7b34
Step 6/7 : ENV NAME World
 ---> Running in d7d0c258b44f
Removing intermediate container d7d0c258b44f
 ---> 5e91d25e736f
Step 7/7 : CMD ["python", "app.py"]
 ---> Running in 6a3b4fce6a50
Removing intermediate container 6a3b4fce6a50
 ---> 20a2e45a2620
Successfully built 20a2e45a2620
Successfully tagged friendlyhello:latest
SECURITY WARNING: You are building a Docker image from Windows against a non-Windows Docker host. All files and directories added to build context will have '-rwxr-xr-x' permissions. It is recommended to double check and reset permissions for sensitive files and directories.

Rivera@DESKTOP-5QE129P MINGW64 ~/desktop/NJIT-IS601-DockerTutorial (master)
$ docker imagae ls
docker: 'imagae' is not a docker command.
See 'docker --help'

Rivera@DESKTOP-5QE129P MINGW64 ~/desktop/NJIT-IS601-DockerTutorial (master)
$ docker image ls
REPOSITORY          TAG                 IMAGE ID            CREATED             SIZE
friendlyhello       latest              20a2e45a2620        18 seconds ago      148MB
python              2.7-slim            f462855313cd        3 weeks ago         137MB
hello-world         latest              fce289e99eb9        9 months ago        1.84kB

Rivera@DESKTOP-5QE129P MINGW64 ~/desktop/NJIT-IS601-DockerTutorial (master)
$ docker run -p 4000:80 friendly hello
Unable to find image 'friendly:latest' locally
C:\Program Files\Docker\Docker\Resources\bin\docker.exe: Error response from daemon: pull access denied for friendly, repository does not exist or may require 'docker login': denied: requested access to the resource is denied.
See 'C:\Program Files\Docker\Docker\Resources\bin\docker.exe run --help'.

Rivera@DESKTOP-5QE129P MINGW64 ~/desktop/NJIT-IS601-DockerTutorial (master)
$ docker run -p 4000:80 friendlyhello
 * Serving Flask app "app" (lazy loading)
 * Environment: production
   WARNING: This is a development server. Do not use it in a production deployment.
   Use a production WSGI server instead.
 * Debug mode: off
 * Running on http://0.0.0.0:80/ (Press CTRL+C to quit)
172.17.0.1 - - [09/Oct/2019 13:58:57] "GET / HTTP/1.1" 200 -
172.17.0.1 - - [09/Oct/2019 13:58:57] "GET /favicon.ico HTTP/1.1" 404 -

Rivera@DESKTOP-5QE129P MINGW64 ~/desktop/NJIT-IS601-DockerTutorial (master)
$ docker  container ls
CONTAINER ID        IMAGE               COMMAND             CREATED             STATUS              PORTS                  NAMES
692124fcc3a8        friendlyhello       "python app.py"     2 minutes ago       Up 2 minutes        0.0.0.0:4000->80/tcp   flamboyant_meitner

Rivera@DESKTOP-5QE129P MINGW64 ~/desktop/NJIT-IS601-DockerTutorial (master)
$ docker container stop <692124fcc3a8>
bash: syntax error near unexpected token `newline'

Rivera@DESKTOP-5QE129P MINGW64 ~/desktop/NJIT-IS601-DockerTutorial (master)
$ docker container stop 692124fcc3a8

692124fcc3a8

Rivera@DESKTOP-5QE129P MINGW64 ~/desktop/NJIT-IS601-DockerTutorial (master)
$

Rivera@DESKTOP-5QE129P MINGW64 ~/desktop/NJIT-IS601-DockerTutorial (master)
$ docker run -d -p 4000:80 friendlyhello
8f0d72f5822a2eab89980ba4acc928bbd94234b3d9e30cde0435d256eaebb178

Rivera@DESKTOP-5QE129P MINGW64 ~/desktop/NJIT-IS601-DockerTutorial (master)
$ docker container ls
CONTAINER ID        IMAGE               COMMAND             CREATED             STATUS              PORTS                  NAMES
8f0d72f5822a        friendlyhello       "python app.py"     26 seconds ago      Up 22 seconds       0.0.0.0:4000->80/tcp   cranky_banzai

Rivera@DESKTOP-5QE129P MINGW64 ~/desktop/NJIT-IS601-DockerTutorial (master)
$ docker container stop 8f0d72f5822a
8f0d72f5822a

Rivera@DESKTOP-5QE129P MINGW64 ~/desktop/NJIT-IS601-DockerTutorial (master)
$ pwd
/c/Users/Rivera/desktop/NJIT-IS601-DockerTutorial

Rivera@DESKTOP-5QE129P MINGW64 ~/desktop/NJIT-IS601-DockerTutorial (master)
$ touch Homework Docker Tutorila Parts 1-3.txt

Rivera@DESKTOP-5QE129P MINGW64 ~/desktop/NJIT-IS601-DockerTutorial (master)
$ touch 'Homework Docker Tutorial Parts 1-3.txt'

Rivera@DESKTOP-5QE129P MINGW64 ~/desktop/NJIT-IS601-DockerTutorial (master)
$ vi 'Homework Docker Tutorial Parts 1-3.txt'

Rivera@DESKTOP-5QE129P MINGW64 ~/desktop/NJIT-IS601-DockerTutorial (master)
$ ls
 app.py   Dockerfile  'Homework Docker Tutorial Parts 1-3.txt'   LICENSE   README.md   requirements.txt

Rivera@DESKTOP-5QE129P MINGW64 ~/desktop/NJIT-IS601-DockerTutorial (master)
$ docker login
Error: Cannot perform an interactive login from a non TTY device

Rivera@DESKTOP-5QE129P MINGW64 ~/desktop/NJIT-IS601-DockerTutorial (master)
$ docker tag friendlyhello robrivera715/601HW-DockerTutorial
Error parsing reference: "robrivera715/601HW-DockerTutorial" is not a valid repository/tag: invalid reference format: repository name must be lowercase

Rivera@DESKTOP-5QE129P MINGW64 ~/desktop/NJIT-IS601-DockerTutorial (master)
$ pwd
/c/Users/Rivera/desktop/NJIT-IS601-DockerTutorial

Rivera@DESKTOP-5QE129P MINGW64 ~/desktop/NJIT-IS601-DockerTutorial (master)
$ touch docker-compose.yml

Rivera@DESKTOP-5QE129P MINGW64 ~/desktop/NJIT-IS601-DockerTutorial (master)
$ vi docker-compose.yml

Rivera@DESKTOP-5QE129P MINGW64 ~/desktop/NJIT-IS601-DockerTutorial (master)
$ docker swarm init
Swarm initialized: current node (m9ta9gt13zlfvqxuumwgq3e3f) is now a manager.

To add a worker to this swarm, run the following command:

    docker swarm join --token SWMTKN-1-1lfbp13zutggyb2fxqri3bafa53uani8wtzrrgklawn21lwdfj-9subvkd14j50lmu28el148udk 192.168.65.3:2377

To add a manager to this swarm, run 'docker swarm join-token manager' and follow the instructions.


Rivera@DESKTOP-5QE129P MINGW64 ~/desktop/NJIT-IS601-DockerTutorial (master)
$ docker stack deploy -c docker-compose.yml getstartedlab
Creating network getstartedlab_webnet
Creating service getstartedlab_web

Rivera@DESKTOP-5QE129P MINGW64 ~/desktop/NJIT-IS601-DockerTutorial (master)
$ docker service ls
ID                  NAME                MODE                REPLICAS            IMAGE                               PORTS
i3nmptwkb4em        getstartedlab_web   replicated          5/5                 robrivera715/601hw:dockertutorial   *:4000->80/tcp

Rivera@DESKTOP-5QE129P MINGW64 ~/desktop/NJIT-IS601-DockerTutorial (master)
$ docker service ps getstartedlab_web
ID                  NAME                  IMAGE                               NODE                DESIRED STATE       CURRENT STATE           ERROR               PORTS
sj6dvdaq22t2        getstartedlab_web.1   robrivera715/601hw:dockertutorial   docker-desktop      Running             Running 7 minutes ago
0mbxr7xn0i11        getstartedlab_web.2   robrivera715/601hw:dockertutorial   docker-desktop      Running             Running 7 minutes ago
yndzalvph4xj        getstartedlab_web.3   robrivera715/601hw:dockertutorial   docker-desktop      Running             Running 7 minutes ago
ub2bsdhl4xx9        getstartedlab_web.4   robrivera715/601hw:dockertutorial   docker-desktop      Running             Running 7 minutes ago
uhnmrfri5l8j        getstartedlab_web.5   robrivera715/601hw:dockertutorial   docker-desktop      Running             Running 7 minutes ago

Rivera@DESKTOP-5QE129P MINGW64 ~/desktop/NJIT-IS601-DockerTutorial (master)
$ docker container ls -q
94767645d9c5
d8081189c3ec
f0c2e3855b24
c2cae3e9dfb4
0e469f1c0a66

Rivera@DESKTOP-5QE129P MINGW64 ~/desktop/NJIT-IS601-DockerTutorial (master)
$ vi docker
docker-compose.yml  Dockerfile

Rivera@DESKTOP-5QE129P MINGW64 ~/desktop/NJIT-IS601-DockerTutorial (master)
$ docker stack deploy -c docker-compose.yml getstartedlab
Updating service getstartedlab_web (id: i3nmptwkb4emcojff0f44gqsl)

Rivera@DESKTOP-5QE129P MINGW64 ~/desktop/NJIT-IS601-DockerTutorial (master)
$ docker container ls -q
a8a0c716fc2e
94767645d9c5
d8081189c3ec
f0c2e3855b24
c2cae3e9dfb4
0e469f1c0a66

Rivera@DESKTOP-5QE129P MINGW64 ~/desktop/NJIT-IS601-DockerTutorial (master)
$ docker stack rm getstartedlab
Removing service getstartedlab_web
Removing network getstartedlab_webnet

Rivera@DESKTOP-5QE129P MINGW64 ~/desktop/NJIT-IS601-DockerTutorial (master)
$ docker swarm leave --force
Node left the swarm.

